============================= test session starts =============================
platform win32 -- Python 3.11.9, pytest-9.0.2, pluggy-1.6.0 -- C:\Users\HomeCinema\AppData\Local\Microsoft\WindowsApps\PythonSoftwareFoundation.Python.3.11_qbz5n2kfra8p0\python.exe
cachedir: .pytest_cache
benchmark: 5.2.3 (defaults: timer=time.perf_counter disable_gc=False min_rounds=5 min_time=0.000005 max_time=1.0 calibration_precision=10 warmup=False warmup_iterations=100000)
metadata: {'Python': '3.11.9', 'Platform': 'Windows-10-10.0.22621-SP0', 'Packages': {'pytest': '9.0.2', 'pluggy': '1.6.0'}, 'Plugins': {'anyio': '3.7.0', 'aiohttp': '1.0.5', 'asyncio': '1.3.0', 'benchmark': '5.2.3', 'cov': '4.1.0', 'durations': '1.6.1', 'pytest_freezer': '0.4.8', 'homeassistant-custom-component': '0.13.109', 'html': '4.1.1', 'metadata': '3.1.1', 'mock': '3.15.1', 'picked': '0.5.0', 'profiling': '1.8.1', 'socket': '0.7.0', 'sugar': '1.0.0', 'test-groups': '1.0.3', 'timeout': '2.2.0', 'unordered': '0.5.2', 'xdist': '3.3.1', 'requests-mock': '1.11.0', 'respx': '0.20.2', 'syrupy': '4.6.1'}, 'JAVA_HOME': 'C:\\Program Files\\Eclipse Adoptium\\jdk-17.0.7.7-hotspot\\'}
rootdir: C:\Users\HomeCinema\SynologyDrive\###Onedrive\Software\Windsurf\Kostal
plugins: anyio-3.7.0, aiohttp-1.0.5, asyncio-1.3.0, benchmark-5.2.3, cov-4.1.0, durations-1.6.1, pytest_freezer-0.4.8, homeassistant-custom-component-0.13.109, html-4.1.1, metadata-3.1.1, mock-3.15.1, picked-0.5.0, profiling-1.8.1, socket-0.7.0, sugar-1.0.0, test-groups-1.0.3, timeout-2.2.0, unordered-0.5.2, xdist-3.3.1, requests-mock-1.11.0, respx-0.20.2, syrupy-4.6.1
asyncio: mode=Mode.STRICT, debug=False, asyncio_default_fixture_loop_scope=None, asyncio_default_test_loop_scope=function
collecting ... collected 2 items

Tests/test_helper.py::test_plenticore_async_setup_g1 ERROR               [ 50%]
Tests/test_helper.py::test_plenticore_async_setup_g2 ERROR               [100%]

=================================== ERRORS ====================================
______________ ERROR at setup of test_plenticore_async_setup_g1 _______________

fixturedef = <FixtureDef argname='hass' scope='function' baseid=''>
request = <SubRequest 'hass' for <Function test_plenticore_async_setup_g1>>

    @pytest.hookimpl(wrapper=True)
    def pytest_fixture_setup(fixturedef: FixtureDef, request) -> object | None:
        asyncio_mode = _get_asyncio_mode(request.config)
        if not _is_asyncio_fixture_function(fixturedef.func):
            if asyncio_mode == Mode.STRICT:
                # Ignore async fixtures without explicit asyncio mark in strict mode
                # This applies to pytest_trio fixtures, for example
>               return (yield)
                        ^^^^^
E               pytest.PytestRemovedIn9Warning: 'test_plenticore_async_setup_g1' requested an async fixture 'hass', with no plugin or hook that handled it. This is usually an error, as pytest does not natively support it. This will turn into an error in pytest 9.
E               See: https://docs.pytest.org/en/stable/deprecations.html#sync-test-depending-on-async-fixture

..\..\..\..\..\AppData\Local\Packages\PythonSoftwareFoundation.Python.3.11_qbz5n2kfra8p0\LocalCache\local-packages\Python311\site-packages\pytest_asyncio\plugin.py:728: PytestRemovedIn9Warning
---------------------------- Captured stderr setup ----------------------------
DEBUG:asyncio:Using proactor: IocpProactor

----------------------------- Captured log setup ------------------------------
DEBUG    asyncio:proactor_events.py:633 Using proactor: IocpProactor
______________ ERROR at setup of test_plenticore_async_setup_g2 _______________

fixturedef = <FixtureDef argname='hass' scope='function' baseid=''>
request = <SubRequest 'hass' for <Function test_plenticore_async_setup_g2>>

    @pytest.hookimpl(wrapper=True)
    def pytest_fixture_setup(fixturedef: FixtureDef, request) -> object | None:
        asyncio_mode = _get_asyncio_mode(request.config)
        if not _is_asyncio_fixture_function(fixturedef.func):
            if asyncio_mode == Mode.STRICT:
                # Ignore async fixtures without explicit asyncio mark in strict mode
                # This applies to pytest_trio fixtures, for example
>               return (yield)
                        ^^^^^
E               pytest.PytestRemovedIn9Warning: 'test_plenticore_async_setup_g2' requested an async fixture 'hass', with no plugin or hook that handled it. This is usually an error, as pytest does not natively support it. This will turn into an error in pytest 9.
E               See: https://docs.pytest.org/en/stable/deprecations.html#sync-test-depending-on-async-fixture

..\..\..\..\..\AppData\Local\Packages\PythonSoftwareFoundation.Python.3.11_qbz5n2kfra8p0\LocalCache\local-packages\Python311\site-packages\pytest_asyncio\plugin.py:728: PytestRemovedIn9Warning
---------------------------- Captured stderr setup ----------------------------
DEBUG:asyncio:Using proactor: IocpProactor

----------------------------- Captured log setup ------------------------------
DEBUG    asyncio:proactor_events.py:633 Using proactor: IocpProactor
======================================= fixture duration top =======================================
total          name                                                 num med            min           
0:00:00.018263 garbage_collection                                     1 0:00:00.018263 0:00:00.018263
0:00:00.010112 skip_stop_scripts                                      2 0:00:00.005056        0:00:00
0:00:00.006148 hass_storage                                           2 0:00:00.003074 0:00:00.002637
0:00:00.037549 grand total                                           35        0:00:00        0:00:00
====================================== test call duration top ======================================
total          name                                                 num med            min           
       0:00:00 grand total                                            0        0:00:00        0:00:00
===================================== test setup duration top ======================================
total          name                                                 num med            min           
0:00:00.016153 Tests/test_helper.py::test_plenticore_async_setup_g1   1 0:00:00.016153 0:00:00.016153
0:00:00.020790 grand total                                            2 0:00:00.010395 0:00:00.004637
==================================== test teardown duration top ====================================
total          name                                                 num med            min           
0:00:00.006026 grand total                                            2 0:00:00.003013 0:00:00.001520
=========================== short test summary info ===========================
ERROR Tests/test_helper.py::test_plenticore_async_setup_g1 - pytest.PytestRem...
ERROR Tests/test_helper.py::test_plenticore_async_setup_g2 - pytest.PytestRem...
============================== 2 errors in 0.25s ==============================
